// Jest Snapshot v1, https://goo.gl/fbAQLP

exports[`createUser should create a user by query: new user 1`] = `
Object {
  "email": "charlie@thebear.me",
  "name": "Charlie",
}
`;

exports[`createUser should create a user by query: no errors 1`] = `undefined`;

exports[`createUser should not create duplicate accounts: duplicate user error 1`] = `
Array [
  [GraphQLError: Account already in use],
]
`;

exports[`createUser should not create duplicate accounts: no duplicate users 1`] = `
Array [
  Object {
    "accountLinkId": "76b27a04-f537-4f7d-89a9-b469bf81208b",
    "email": "charlie@thebear.me",
    "name": "Charlie",
  },
]
`;

exports[`createUser should raise an error without email in token: no email 1`] = `
Array [
  [GraphQLError: You must provide a valid email],
]
`;

exports[`createUser should raise an error without email in token: null 1`] = `null`;

exports[`createUser should return null and an auth error with an invalid token: no auth error 1`] = `
Array [
  [GraphQLError: You are not authorized, jwt malformed],
]
`;

exports[`createUser should return null and an auth error with an invalid token: no user 1`] = `null`;

exports[`createUser should return null and an auth error without a token: no user 1`] = `null`;

exports[`createUser should return null and an auth error without a token: not logged in 1`] = `
Array [
  [GraphQLError: You must supply a JSON Web Token for authorization, are you logged in?],
]
`;

exports[`getUser should return a user after one has been created: no errors 1`] = `undefined`;

exports[`getUser should return a user after one has been created: user found 1`] = `
Object {
  "getUser": Object {
    "email": "charlie@thebear.me",
    "name": "Charlie",
  },
}
`;

exports[`getUser should return errors for a malformed query: malformed query error 1`] = `
Array [
  [GraphQLError: Expected a valid email, got "Ooops!"],
]
`;

exports[`getUser should return errors for a query skipping a mandatory field: skipped mandatory field error 1`] = `
Array [
  [GraphQLError: Expected a valid email, got undefined],
]
`;

exports[`getUser should return null and an auth error with an invalid token: no auth error 1`] = `
Array [
  [GraphQLError: You are not authorized, jwt malformed],
]
`;

exports[`getUser should return null and an auth error with an invalid token: no user 1`] = `null`;

exports[`getUser should return null and an auth error without a token: no user 1`] = `null`;

exports[`getUser should return null and an auth error without a token: not logged in 1`] = `
Array [
  [GraphQLError: You must supply a JSON Web Token for authorization, are you logged in?],
]
`;

exports[`getUser should return null if no user has been found: no user error 1`] = `
Array [
  [GraphQLError: No user found for nowhere@tobe.seen],
]
`;

exports[`getUser should return null if no user has been found: null user 1`] = `null`;
